Ի՞նչ է ետդարձը:



git revert-ը նոր պարտավորություն է կատարում
git revert-ը պարզապես ստեղծում է նոր commit, որը հակառակն է գոյություն ունեցող commit-ին:

Այն թողնում է ֆայլերը նույն վիճակում, կարծես վերականգնված պարտավորությունը երբեք գոյություն չի ունեցել: Օրինակ, հաշվի առեք հետևյալ պարզ օրինակը.

$ cd /tmp/օրինակ
$ git init
Նախնականացված դատարկ Git պահոցը /tmp/example/.git/-ում
$ echo «Նախնական տեքստ» > README.md
$ git ավելացնել README.md
$ git commit -m «նախնական պարտավորություն»
[master (root-commit) 3f7522e] նախնական հանձնում
  1 ֆայլ փոխվել է, 1 զետեղում(+)
  ստեղծել ռեժիմ 100644 README.md
$ echo «վատ թարմացում» > README.md
$ git commit -am «վատ թարմացում»
[master a1b9870] վատ թարմացում
  1 ֆայլ փոխվել է, 1 զետեղում(+), 1 ջնջում(-)
Այս օրինակում կատարման պատմությունն ունի երկու պարտավորություն, իսկ վերջինը սխալ է: Օգտագործելով git revert.

$ git վերադարձնել HEAD
[master 1db4eeb] Վերականգնել «վատ թարմացումը»
  1 ֆայլ փոխվել է, 1 զետեղում(+), 1 ջնջում(-)
Գրանցամատյանում կլինեն 3 պարտավորություններ.

$ git log --oneline
1db4eeb Վերականգնել «վատ թարմացումը»
a1b9870 վատ թարմացում
3f7522e նախնական հանձնում
Այսպիսով, կա տեղի ունեցածի հետևողական պատմություն, սակայն ֆայլերը կարծես վատ թարմացում երբեք չեն եղել.

կատու README.md
Նախնական տեքստ
Կարևոր չէ, թե պատմության մեջ որտեղ է գտնվում վերադարձման ենթակա պարտավորությունը (վերը նշված օրինակում վերջին commit-ը հետ է վերադարձվել. ցանկացած պարտավորություն կարող է հետադարձվել
